{
  "version": 1,
  "toolName": "Read",
  "matchedSkills": [
    "cron-jobs",
    "deployments-cicd",
    "routing-middleware",
    "vercel-cli",
    "vercel-functions"
  ],
  "injectedSkills": [
    "routing-middleware",
    "vercel-cli",
    "vercel-functions"
  ],
  "droppedByCap": [
    "cron-jobs",
    "deployments-cicd"
  ]
}
