{
  "version": 1,
  "toolName": "Write",
  "matchedSkills": [
    "cron-jobs",
    "deployments-cicd",
    "routing-middleware",
    "vercel-cli",
    "vercel-functions"
  ],
  "injectedSkills": [
    "routing-middleware",
    "vercel-cli",
    "vercel-functions"
  ],
  "droppedByCap": [
    "cron-jobs",
    "deployments-cicd"
  ],
  "droppedByBudget": []
}
